{
    "res": {
        "index.scss": {
            "uri": "/index.css",
            "type": "css",
            "extras": {}
        },
        "test.scss": {
            "uri": "/test.css",
            "type": "css",
            "extras": {}
        }
    },
    "pkg": {}
}